// Jest Snapshot v1, https://goo.gl/fbAQLP

exports[`renders correctly 1`] = `
<div>
  <h3>
    platform
  </h3>
  <hr />
  <h4>
    Sort
  </h4>
  <hr />
  <div>
    <div>
      <p>
        Criteria
      </p>
      <select
        defaultValue="rating"
        name="sortByCriteria"
        onChange={[Function]}
      >
        <option
          value="rating"
        >
          Rating
        </option>
        <option
          selected={true}
          value="price"
        >
          Price
        </option>
      </select>
    </div>
    <div>
      <p>
        Type
      </p>
      <select
        defaultValue="asc"
        name="sortByType"
        onChange={[Function]}
      >
        <option
          selected={true}
          value="asc"
        >
          ascending
        </option>
        <option
          value="desc"
        >
          descending
        </option>
      </select>
    </div>
  </div>
  <div>
    <h4>
      Genres
    </h4>
    <hr />
    <div>
      <div>
        <label
          htmlFor="finput"
        />
        <input
          name="genres"
          onChange={[Function]}
          type="radio"
          value="All genres"
        />
        <span>
          All genres
        </span>
      </div>
      <div>
        <label
          htmlFor="finput"
        />
        <input
          name="genres"
          onChange={[Function]}
          type="radio"
          value="Shooter"
        />
        <span>
          Shooter
        </span>
      </div>
      <div>
        <label
          htmlFor="finput"
        />
        <input
          name="genres"
          onChange={[Function]}
          type="radio"
          value="Arcade"
        />
        <span>
          Arcade
        </span>
      </div>
      <div>
        <label
          htmlFor="finput"
        />
        <input
          name="genres"
          onChange={[Function]}
          type="radio"
          value="Survive"
        />
        <span>
          Survive
        </span>
      </div>
    </div>
  </div>
  <div>
    <h4>
      Age
    </h4>
    <hr />
    <div>
      <div>
        <label
          htmlFor="finput"
        />
        <input
          name="age"
          onChange={[Function]}
          type="radio"
          value="All ages"
        />
        <span>
          All ages
        </span>
      </div>
      <div>
        <label
          htmlFor="finput"
        />
        <input
          name="age"
          onChange={[Function]}
          type="radio"
          value="3"
        />
        <span>
          3
        </span>
      </div>
      <div>
        <label
          htmlFor="finput"
        />
        <input
          name="age"
          onChange={[Function]}
          type="radio"
          value="6"
        />
        <span>
          6
        </span>
      </div>
      <div>
        <label
          htmlFor="finput"
        />
        <input
          name="age"
          onChange={[Function]}
          type="radio"
          value="12"
        />
        <span>
          12
        </span>
      </div>
      <div>
        <label
          htmlFor="finput"
        />
        <input
          name="age"
          onChange={[Function]}
          type="radio"
          value="18"
        />
        <span>
          18
        </span>
      </div>
    </div>
  </div>
</div>
`;
